// Jest Snapshot v1, https://goo.gl/fbAQLP

exports[`it should render ExpenseList with empty message 1`] = `
<div>
  <h3>
    Expense List
  </h3>
</div>
`;

exports[`it should render ExpenseList with expenses 1`] = `
<div>
  <h3>
    Expense List
  </h3>
  <ExpenseListItem
    amount={195}
    createdAt={-345600000}
    description="Gum"
    id="1"
    key="1"
    note=""
  />
  <ExpenseListItem
    amount={350}
    createdAt={345600000}
    description="Sugar"
    id="2"
    key="2"
    note=""
  />
  <ExpenseListItem
    amount={600}
    createdAt={-172800000}
    description="Flour"
    id="3"
    key="3"
    note=""
  />
</div>
`;
