// Jest Snapshot v1, https://goo.gl/fbAQLP

exports[`it should render ExpensesSummary properly with one expense 1`] = `
<div>
  Viewing 
  1
   expense
   
  totalling 
  $0.00
</div>
`;

exports[`it should render ExpensesSummary properly with several expenses 1`] = `
<div>
  Viewing 
  5
   expense
  s 
  totalling 
  $0.00
</div>
`;
